
> frontend@0.1.0 build
> next build

node.exe : ΓÜá `eslint` configuration in next.config.ts is no longer supported. 
See more info here: 
https://nextjs.org/docs/app/api-reference/cli/next#next-lint-options
At line:1 char:1
+ & "C:\Program Files\nodejs/node.exe" "C:\Program Files\nodejs/node_mo ...
+ ~~~~~~~~~~~~~~~~~~~~~~~~~~~~~~~~~~~~~~~~~~~~~~~~~~~~~~~~~~~~~~~~~~~~~
    + CategoryInfo          : NotSpecified: (ΓÜá `eslint` co...xt-lint-options:S 
   tring) [], RemoteException
    + FullyQualifiedErrorId : NativeCommandError
 
ΓÜá Invalid next.config.ts options detected: 
ΓÜá     Unrecognized key(s) in object: 'eslint'
ΓÜá See more info here: https://nextjs.org/docs/messages/invalid-next-config
Γû▓ Next.js 16.2.1 (Turbopack)
- Environments: .env.local

  Creating an optimized production build ...
Γ£ô Compiled successfully in 10.3s
  Running TypeScript ...

  We detected TypeScript in your project and reconfigured your tsconfig.json file for you.
  The following suggested values were added to your tsconfig.json. These values can be changed to fit your project's needs:

  	- include was updated to add '.next/dev/types/**/*.ts'

  The following mandatory changes were made to your tsconfig.json:

  	- jsx was set to react-jsx (next.js uses the React automatic runtime)

Failed to type check.

./next.config.ts:11:3
Type error: Object literal may only specify known properties, and 'eslint' does 
not exist in type 'NextConfig'.

  [90m 9 |[0m     formats: [[32m'image/avif'[0m, [32m'image/webp'[0m],
  [90m10 |[0m   },
[31m[1m>[0m [90m11 |[0m   eslint: {
  [90m   |[0m   [31m[1m^[0m
  [90m12 |[0m     ignoreDuringBuilds: [36mtrue[0m,
  [90m13 |[0m   },
  [90m14 |[0m }
Next.js build worker exited with code: 1 and signal: null
