
> frontend@0.1.0 typecheck
> tsc --noEmit

next.config.ts(11,3): error TS2353: Object literal may only specify known properties, and 'eslint' does not exist in type 'NextConfig'.
src/app/(public)/login/page.tsx(7,23): error TS6133: 'LogIn' is declared but its value is never read.
src/app/(public)/login/page.tsx(40,12): error TS2322: Type '{ children: Element[]; initial: { opacity: number; y: number; }; animate: { opacity: number; y: number; }; transition: { duration: number; }; className: string; }' is not assignable to type 'IntrinsicAttributes & HTMLAttributesWithoutMotionProps<unknown, unknown> & MotionProps & RefAttributes<unknown>'.
  Property 'className' does not exist on type 'IntrinsicAttributes & HTMLAttributesWithoutMotionProps<unknown, unknown> & MotionProps & RefAttributes<unknown>'.
src/app/(public)/login/page.tsx(96,12): error TS2322: Type '{ children: Element; initial: { opacity: number; }; animate: { opacity: number; }; transition: { delay: number; }; className: string; }' is not assignable to type 'IntrinsicAttributes & HTMLAttributesWithoutMotionProps<unknown, unknown> & MotionProps & RefAttributes<unknown>'.
  Property 'className' does not exist on type 'IntrinsicAttributes & HTMLAttributesWithoutMotionProps<unknown, unknown> & MotionProps & RefAttributes<unknown>'.
src/app/(public)/page.tsx(14,3): error TS6133: 'FileText' is declared but its value is never read.
src/app/(public)/page.tsx(37,13): error TS2322: Type '{ children: Element[]; initial: { opacity: number; x: number; }; animate: { opacity: number; x: number; }; transition: { duration: number; ease: "easeOut"; }; className: string; }' is not assignable to type 'IntrinsicAttributes & HTMLAttributesWithoutMotionProps<unknown, unknown> & MotionProps & RefAttributes<unknown>'.
  Property 'className' does not exist on type 'IntrinsicAttributes & HTMLAttributesWithoutMotionProps<unknown, unknown> & MotionProps & RefAttributes<unknown>'.
src/app/(public)/page.tsx(91,13): error TS2322: Type '{ children: Element; initial: { opacity: number; scale: number; }; animate: { opacity: number; scale: number; }; transition: { duration: number; ease: "easeOut"; delay: number; }; className: string; }' is not assignable to type 'IntrinsicAttributes & HTMLAttributesWithoutMotionProps<unknown, unknown> & MotionProps & RefAttributes<unknown>'.
  Property 'className' does not exist on type 'IntrinsicAttributes & HTMLAttributesWithoutMotionProps<unknown, unknown> & MotionProps & RefAttributes<unknown>'.
src/app/(public)/page.tsx(151,25): error TS2322: Type '{ className: string; initial: { width: number; }; whileInView: { width: string; }; transition: { duration: number; delay: number; }; }' is not assignable to type 'IntrinsicAttributes & HTMLAttributesWithoutMotionProps<unknown, unknown> & MotionProps & RefAttributes<unknown>'.
  Property 'className' does not exist on type 'IntrinsicAttributes & HTMLAttributesWithoutMotionProps<unknown, unknown> & MotionProps & RefAttributes<unknown>'.
src/app/(public)/pricing/page.tsx(4,30): error TS6133: 'Zap' is declared but its value is never read.
src/app/(public)/pricing/page.tsx(4,35): error TS6133: 'Sparkles' is declared but its value is never read.
src/app/(public)/swarm/page.tsx(4,18): error TS6133: 'Globe' is declared but its value is never read.
src/components/applications/ApplicationRow.tsx(66,11): error TS2322: Type '{ children: Element[]; initial: { opacity: number; x: number; }; animate: { opacity: number; x: number; }; className: string; }' is not assignable to type 'IntrinsicAttributes & HTMLAttributesWithoutMotionProps<unknown, unknown> & MotionProps & RefAttributes<unknown>'.
  Property 'className' does not exist on type 'IntrinsicAttributes & HTMLAttributesWithoutMotionProps<unknown, unknown> & MotionProps & RefAttributes<unknown>'.
src/components/applications/ApplicationRow.tsx(73,28): error TS2322: Type 'string' is not assignable to type 'never'.
src/components/applications/ApplicationRow.tsx(99,22): error TS2367: This comparison appears to be unintentional because the types 'AppStatus' and '"applying"' have no overlap.
src/components/applications/ApplicationTracker.tsx(7,1): error TS6133: 'GlassCard' is declared but its value is never read.
src/components/applications/ApplicationTracker.tsx(12,1): error TS6133: 'cn' is declared but its value is never read.
src/components/dashboard/CommandCenterHeader.tsx(4,1): error TS6133: 'motion' is declared but its value is never read.
src/components/dashboard/CommandCenterHeader.tsx(18,13): error TS2322: Type 'string' is not assignable to type 'never'.
src/components/dashboard/FitScoreBento.tsx(5,10): error TS6133: 'Sparkles' is declared but its value is never read.
src/components/dashboard/FitScoreBento.tsx(55,15): error TS2322: Type '{ className: string; animate: { top: [string, string]; }; transition: { duration: number; repeat: number; ease: "linear"; }; }' is not assignable to type 'IntrinsicAttributes & HTMLAttributesWithoutMotionProps<unknown, unknown> & MotionProps & RefAttributes<unknown>'.
  Property 'className' does not exist on type 'IntrinsicAttributes & HTMLAttributesWithoutMotionProps<unknown, unknown> & MotionProps & RefAttributes<unknown>'.
src/components/dashboard/JobDetail.tsx(41,13): error TS2322: Type '{ initial: { opacity: number; }; animate: { opacity: number; }; exit: { opacity: number; }; onClick: () => void; className: string; }' is not assignable to type 'IntrinsicAttributes & HTMLAttributesWithoutMotionProps<unknown, unknown> & MotionProps & RefAttributes<unknown>'.
  Property 'onClick' does not exist on type 'IntrinsicAttributes & HTMLAttributesWithoutMotionProps<unknown, unknown> & MotionProps & RefAttributes<unknown>'.
src/components/dashboard/JobDetail.tsx(51,13): error TS2322: Type '{ children: Element[]; initial: { x: string; }; animate: { x: number; }; exit: { x: string; }; transition: { type: "spring"; damping: number; stiffness: number; }; className: string; }' is not assignable to type 'IntrinsicAttributes & HTMLAttributesWithoutMotionProps<unknown, unknown> & MotionProps & RefAttributes<unknown>'.
  Property 'className' does not exist on type 'IntrinsicAttributes & HTMLAttributesWithoutMotionProps<unknown, unknown> & MotionProps & RefAttributes<unknown>'.
src/components/dashboard/LivePulseFeed.tsx(62,15): error TS2322: Type '{ children: Element[]; key: string; initial: { opacity: number; x: number; }; animate: { opacity: number; x: number; }; exit: { opacity: number; x: number; }; className: string; }' is not assignable to type 'IntrinsicAttributes & HTMLAttributesWithoutMotionProps<unknown, unknown> & MotionProps & RefAttributes<unknown>'.
  Property 'className' does not exist on type 'IntrinsicAttributes & HTMLAttributesWithoutMotionProps<unknown, unknown> & MotionProps & RefAttributes<unknown>'.
src/components/jobs/FitScoreMeter.tsx(34,9): error TS6133: 'glowColor' is declared but its value is never read.
src/components/jobs/JobCard.tsx(4,1): error TS6133: 'motion' is declared but its value is never read.
src/components/jobs/JobFeed.tsx(8,26): error TS6133: 'GraduationCap' is declared but its value is never read.
src/components/jobs/JobFeed.tsx(8,41): error TS6133: 'Briefcase' is declared but its value is never read.
src/components/layout/Navbar.tsx(6,23): error TS6133: 'User' is declared but its value is never read.
src/components/layout/Navbar.tsx(6,49): error TS6133: 'GraduationCap' is declared but its value is never read.
src/components/layout/Navbar.tsx(8,1): error TS6133: 'GlassCard' is declared but its value is never read.
src/components/layout/Navbar.tsx(75,37): error TS2339: Property 'full_name' does not exist on type 'TalvixUser'.
src/components/layout/Sidebar.tsx(15,3): error TS6133: 'ZapOff' is declared but its value is never read.
src/components/layout/Sidebar.tsx(31,11): error TS6133: 'studentMode' is declared but its value is never read.
src/components/layout/TopBar.tsx(35,11): error TS6133: 'firstLetter' is declared but its value is never read.
src/components/onboarding/Identity.tsx(91,20): error TS2322: Type '{ layoutId: string; className: string; }' is not assignable to type 'IntrinsicAttributes & HTMLAttributesWithoutMotionProps<unknown, unknown> & MotionProps & RefAttributes<unknown>'.
  Property 'className' does not exist on type 'IntrinsicAttributes & HTMLAttributesWithoutMotionProps<unknown, unknown> & MotionProps & RefAttributes<unknown>'.
src/components/onboarding/Nishana.tsx(5,43): error TS6133: 'Laptop' is declared but its value is never read.
src/components/onboarding/Nishana.tsx(91,17): error TS2322: Type '{ children: Element[]; key: string; initial: { opacity: number; scale: number; }; animate: { opacity: number; scale: number; }; exit: { opacity: number; scale: number; }; className: string; }' is not assignable to type 'IntrinsicAttributes & HTMLAttributesWithoutMotionProps<unknown, unknown> & MotionProps & RefAttributes<unknown>'.
  Property 'className' does not exist on type 'IntrinsicAttributes & HTMLAttributesWithoutMotionProps<unknown, unknown> & MotionProps & RefAttributes<unknown>'.
src/components/onboarding/OnboardingFlow.tsx(3,20): error TS6133: 'useEffect' is declared but its value is never read.
src/components/onboarding/OnboardingFlow.tsx(16,3): error TS6133: 'UserCircle' is declared but its value is never read.
src/components/onboarding/OnboardingFlow.tsx(98,23): error TS2322: Type '{ children: Element[]; initial: { opacity: number; y: number; }; animate: { opacity: number; y: number; }; exit: { opacity: number; y: number; }; className: string; }' is not assignable to type 'IntrinsicAttributes & HTMLAttributesWithoutMotionProps<unknown, unknown> & MotionProps & RefAttributes<unknown>'.
  Property 'className' does not exist on type 'IntrinsicAttributes & HTMLAttributesWithoutMotionProps<unknown, unknown> & MotionProps & RefAttributes<unknown>'.
src/components/onboarding/OnboardingFlow.tsx(118,31): error TS2322: Type '{ className: string; initial: { width: number; }; animate: { width: string; }; transition: { type: "spring"; damping: number; stiffness: number; }; }' is not assignable to type 'IntrinsicAttributes & HTMLAttributesWithoutMotionProps<unknown, unknown> & MotionProps & RefAttributes<unknown>'.
  Property 'className' does not exist on type 'IntrinsicAttributes & HTMLAttributesWithoutMotionProps<unknown, unknown> & MotionProps & RefAttributes<unknown>'.
src/components/onboarding/OnboardingFlow.tsx(136,29): error TS2322: Type '{ children: Element[]; key: string; initial: { opacity: number; scale: number; }; animate: { opacity: number; scale: number; }; exit: { opacity: number; scale: number; }; className: string; }' is not assignable to type 'IntrinsicAttributes & HTMLAttributesWithoutMotionProps<unknown, unknown> & MotionProps & RefAttributes<unknown>'.
  Property 'className' does not exist on type 'IntrinsicAttributes & HTMLAttributesWithoutMotionProps<unknown, unknown> & MotionProps & RefAttributes<unknown>'.
src/components/onboarding/OnboardingFlow.tsx(238,29): error TS2322: Type '{ children: Element[]; key: string; initial: { opacity: number; y: number; }; animate: { opacity: number; y: number; }; className: string; }' is not assignable to type 'IntrinsicAttributes & HTMLAttributesWithoutMotionProps<unknown, unknown> & MotionProps & RefAttributes<unknown>'.
  Property 'className' does not exist on type 'IntrinsicAttributes & HTMLAttributesWithoutMotionProps<unknown, unknown> & MotionProps & RefAttributes<unknown>'.
src/components/onboarding/PersonaDisplay.tsx(98,35): error TS2322: Type '{ layoutId: string; className: string; }' is not assignable to type 'IntrinsicAttributes & HTMLAttributesWithoutMotionProps<unknown, unknown> & MotionProps & RefAttributes<unknown>'.
  Property 'className' does not exist on type 'IntrinsicAttributes & HTMLAttributesWithoutMotionProps<unknown, unknown> & MotionProps & RefAttributes<unknown>'.
src/components/onboarding/Prerna.tsx(5,71): error TS6133: 'Send' is declared but its value is never read.
src/components/onboarding/Prerna.tsx(7,1): error TS6133: 'motion' is declared but its value is never read.
src/components/onboarding/ResumeUpload.tsx(9,1): error TS6133: 'GlowButton' is declared but its value is never read.
src/components/onboarding/ResumeUpload.tsx(14,3): error TS6133: 'AlertCircle' is declared but its value is never read.
src/components/onboarding/ResumeUpload.tsx(15,3): error TS6133: 'CheckCircle2' is declared but its value is never read.
src/components/onboarding/ResumeUpload.tsx(168,29): error TS2322: Type '{ children: Element[]; key: string; initial: { opacity: number; scale: number; }; animate: { opacity: number; scale: number; }; className: string; }' is not assignable to type 'IntrinsicAttributes & HTMLAttributesWithoutMotionProps<unknown, unknown> & MotionProps & RefAttributes<unknown>'.
  Property 'className' does not exist on type 'IntrinsicAttributes & HTMLAttributesWithoutMotionProps<unknown, unknown> & MotionProps & RefAttributes<unknown>'.
src/components/onboarding/ResumeUpload.tsx(185,29): error TS2322: Type '{ children: Element[]; key: string; initial: { opacity: number; }; animate: { opacity: number; }; className: string; }' is not assignable to type 'IntrinsicAttributes & HTMLAttributesWithoutMotionProps<unknown, unknown> & MotionProps & RefAttributes<unknown>'.
  Property 'className' does not exist on type 'IntrinsicAttributes & HTMLAttributesWithoutMotionProps<unknown, unknown> & MotionProps & RefAttributes<unknown>'.
src/components/onboarding/ResumeUpload.tsx(255,30): error TS2322: Type '{ className: string; initial: { width: number; }; animate: { width: string; }; transition: { duration: number; }; }' is not assignable to type 'IntrinsicAttributes & HTMLAttributesWithoutMotionProps<unknown, unknown> & MotionProps & RefAttributes<unknown>'.
  Property 'className' does not exist on type 'IntrinsicAttributes & HTMLAttributesWithoutMotionProps<unknown, unknown> & MotionProps & RefAttributes<unknown>'.
src/components/onboarding/Sankhya.tsx(4,10): error TS6133: 'CheckCircle2' is declared but its value is never read.
src/components/onboarding/Sankhya.tsx(5,1): error TS6133: 'cn' is declared but its value is never read.
src/components/onboarding/TheVault.tsx(5,48): error TS6133: 'Check' is declared but its value is never read.
src/components/onboarding/TheVault.tsx(5,55): error TS6133: 'Zap' is declared but its value is never read.
src/components/onboarding/TheVault.tsx(5,60): error TS6133: 'AlertTriangle' is declared but its value is never read.
src/components/onboarding/TheVault.tsx(7,1): error TS6192: All imports in import declaration are unused.
src/components/settings/ApplyPreferences.tsx(113,33): error TS2322: Type '{ children: false | Element; animate: { x: number; }; className: string; }' is not assignable to type 'IntrinsicAttributes & HTMLAttributesWithoutMotionProps<unknown, unknown> & MotionProps & RefAttributes<unknown>'.
  Property 'className' does not exist on type 'IntrinsicAttributes & HTMLAttributesWithoutMotionProps<unknown, unknown> & MotionProps & RefAttributes<unknown>'.
src/components/settings/BlacklistManager.tsx(9,40): error TS6133: 'Sparkles' is declared but its value is never read.
src/components/settings/BlacklistManager.tsx(10,1): error TS6133: 'cn' is declared but its value is never read.
src/components/settings/BlacklistManager.tsx(28,24): error TS7006: Parameter 'd' implicitly has an 'any' type.
src/components/settings/BlacklistManager.tsx(86,30): error TS7006: Parameter 'name' implicitly has an 'any' type.
src/components/settings/BlacklistManager.tsx(92,17): error TS2322: Type '{ children: Element[]; key: any; initial: { opacity: number; scale: number; }; animate: { opacity: number; scale: number; }; exit: { opacity: number; scale: number; }; className: string; }' is not assignable to type 'IntrinsicAttributes & HTMLAttributesWithoutMotionProps<unknown, unknown> & MotionProps & RefAttributes<unknown>'.
  Property 'className' does not exist on type 'IntrinsicAttributes & HTMLAttributesWithoutMotionProps<unknown, unknown> & MotionProps & RefAttributes<unknown>'.
src/components/settings/DreamCompanies.tsx(10,1): error TS6133: 'cn' is declared but its value is never read.
src/components/settings/DreamCompanies.tsx(28,24): error TS7006: Parameter 'd' implicitly has an 'any' type.
src/components/settings/DreamCompanies.tsx(86,30): error TS7006: Parameter 'name' implicitly has an 'any' type.
src/components/settings/DreamCompanies.tsx(92,17): error TS2322: Type '{ children: Element[]; key: any; initial: { opacity: number; scale: number; }; animate: { opacity: number; scale: number; }; exit: { opacity: number; scale: number; }; className: string; }' is not assignable to type 'IntrinsicAttributes & HTMLAttributesWithoutMotionProps<unknown, unknown> & MotionProps & RefAttributes<unknown>'.
  Property 'className' does not exist on type 'IntrinsicAttributes & HTMLAttributesWithoutMotionProps<unknown, unknown> & MotionProps & RefAttributes<unknown>'.
src/components/skill-gap/SkillCard.tsx(71,15): error TS2322: Type '{ initial: { width: number; }; animate: { width: string; }; transition: { duration: number; ease: "easeOut"; }; className: string; }' is not assignable to type 'IntrinsicAttributes & HTMLAttributesWithoutMotionProps<unknown, unknown> & MotionProps & RefAttributes<unknown>'.
  Property 'className' does not exist on type 'IntrinsicAttributes & HTMLAttributesWithoutMotionProps<unknown, unknown> & MotionProps & RefAttributes<unknown>'.
src/components/ui/AgentAvatar.tsx(17,3): error TS6133: 'name' is declared but its value is never read.
src/components/ui/AgentAvatar.tsx(31,9): error TS2322: Type '{ children: Element; className: string; animate: { rotate: number; }; transition: { duration: number; repeat: number; ease: "linear"; }; }' is not assignable to type 'IntrinsicAttributes & HTMLAttributesWithoutMotionProps<unknown, unknown> & MotionProps & RefAttributes<unknown>'.
  Property 'className' does not exist on type 'IntrinsicAttributes & HTMLAttributesWithoutMotionProps<unknown, unknown> & MotionProps & RefAttributes<unknown>'.
src/components/ui/AgentAvatar.tsx(60,11): error TS2322: Type '{ children: Element; initial: { scale: number; opacity: number; }; animate: { scale: number; opacity: number; }; className: string; }' is not assignable to type 'IntrinsicAttributes & HTMLAttributesWithoutMotionProps<unknown, unknown> & MotionProps & RefAttributes<unknown>'.
  Property 'className' does not exist on type 'IntrinsicAttributes & HTMLAttributesWithoutMotionProps<unknown, unknown> & MotionProps & RefAttributes<unknown>'.
src/components/ui/AgentHeartbeatGrid.tsx(52,11): error TS2322: Type '{ children: Element[]; key: string; initial: { opacity: number; y: number; }; whileInView: { opacity: number; y: number; }; viewport: { once: true; }; transition: { delay: number; }; className: string; }' is not assignable to type 'IntrinsicAttributes & HTMLAttributesWithoutMotionProps<unknown, unknown> & MotionProps & RefAttributes<unknown>'.
  Property 'className' does not exist on type 'IntrinsicAttributes & HTMLAttributesWithoutMotionProps<unknown, unknown> & MotionProps & RefAttributes<unknown>'.
src/components/ui/AnimatedText.tsx(35,21): error TS2322: Type '{ children: string; key: string; initial: { opacity: number; y: number; }; animate: { opacity: number; y: number; }; exit: { opacity: number; y: number; }; transition: { duration: number; ease: "easeOut"; }; className: string; }' is not assignable to type 'IntrinsicAttributes & HTMLAttributesWithoutMotionProps<unknown, unknown> & MotionProps & RefAttributes<unknown>'.
  Property 'className' does not exist on type 'IntrinsicAttributes & HTMLAttributesWithoutMotionProps<unknown, unknown> & MotionProps & RefAttributes<unknown>'.
src/components/ui/GlassCard.tsx(10,16): error TS2503: Cannot find namespace 'JSX'.
src/components/ui/GlassCard.tsx(21,10): error TS2604: JSX element type 'Tag' does not have any construct or call signatures.
src/components/ui/GlassCard.tsx(21,10): error TS2786: 'Tag' cannot be used as a JSX component.
  Its type 'string | number | symbol' is not a valid JSX element type.
    Type 'number' is not assignable to type 'ElementType'.
src/components/ui/GlowButton.tsx(61,13): error TS2322: Type '{ children: ReactNode; type: "button" | "submit"; onClick: (() => void) | undefined; disabled: boolean; className: string; whileHover: { scale: number; }; whileTap: { scale: number; }; transition: { ...; }; }' is not assignable to type 'IntrinsicAttributes & HTMLAttributesWithoutMotionProps<unknown, unknown> & MotionProps & RefAttributes<unknown>'.
  Property 'type' does not exist on type 'IntrinsicAttributes & HTMLAttributesWithoutMotionProps<unknown, unknown> & MotionProps & RefAttributes<unknown>'.
src/components/ui/JobCard.tsx(7,61): error TS6133: 'Zap' is declared but its value is never read.
src/components/ui/JobCard.tsx(8,1): error TS6133: 'cn' is declared but its value is never read.
src/components/ui/ScrollReveal.tsx(22,13): error TS2322: Type '{ children: ReactNode; initial: { opacity: number; y: number; }; whileInView: { opacity: number; y: number; }; viewport: { once: true; margin: string; }; transition: { duration: number; ease: "easeOut"; delay: number; }; className: string | undefined; }' is not assignable to type 'IntrinsicAttributes & HTMLAttributesWithoutMotionProps<unknown, unknown> & MotionProps & RefAttributes<unknown>'.
  Property 'className' does not exist on type 'IntrinsicAttributes & HTMLAttributesWithoutMotionProps<unknown, unknown> & MotionProps & RefAttributes<unknown>'.
src/components/ui/StatCard.tsx(22,27): error TS2322: Type 'string' is not assignable to type 'never'.
src/components/ui/StudentModeToggle.tsx(4,1): error TS6133: 'motion' is declared but its value is never read.
src/components/ui/Tabs.tsx(4,32): error TS2307: Cannot find module '@radix-ui/react-tabs' or its corresponding type declarations.
src/components/ui/TelegramConnectWidget.tsx(23,7): error TS2322: Type '{ children: Element[]; initial: { opacity: number; y: number; }; animate: { opacity: number; y: number; }; className: string; }' is not assignable to type 'IntrinsicAttributes & HTMLAttributesWithoutMotionProps<unknown, unknown> & MotionProps & RefAttributes<unknown>'.
  Property 'className' does not exist on type 'IntrinsicAttributes & HTMLAttributesWithoutMotionProps<unknown, unknown> & MotionProps & RefAttributes<unknown>'.
src/lib/constants/logos.tsx(1,1): error TS6133: 'React' is declared but its value is never read.
